
==================== Term signatures ====================
CaseBinderCPR.$trModule: *
CaseBinderCPR.f_list_cmp: *
CaseBinderCPR.g: *1(#, #)



==================== Cpr signatures ====================
CaseBinderCPR.$trModule:
CaseBinderCPR.f_list_cmp:
CaseBinderCPR.g: 1


