
==================== Term signatures ====================
T1600.$trModule: *
T1600.facIO: *1(*, #1(#))



==================== Cpr signatures ====================
T1600.$trModule:
T1600.facIO: 1(, 1)


