
==================== Term signatures ====================
T5075.$trModule: *
T5075.loop: *



==================== Cpr signatures ====================
T5075.$trModule:
T5075.loop:


