
NFSDuplicate.hs:8:16: error:
    Multiple declarations of ‘foo’
    Declared at: NFSDuplicate.hs:7:16
                 NFSDuplicate.hs:8:16
