(SrcSpanAnn (ApiAnnNotUsed) { T15242.hs:6:5-41 })
(HsPar
(SrcSpanAnn (ApiAnnNotUsed) { T15242.hs:6:6-40 })
(HsPar
(SrcSpanAnn (ApiAnnNotUsed) { T15242.hs:6:7-39 })
(HsPar
(SrcSpanAnn (ApiAnnNotUsed) { T15242.hs:6:8-35 })
(HsPar
(SrcSpanAnn (ApiAnnNotUsed) { T15242.hs:6:9-34 })
(HsPar
(SrcSpanAnn (ApiAnnNotUsed) { T15242.hs:6:10-33 })
(HsPar
(SrcSpanAnn (ApiAnnNotUsed) { T15242.hs:6:11-29 })
(HsPar
(SrcSpanAnn (ApiAnnNotUsed) { T15242.hs:6:12-25 })
(HsPar
(SrcSpanAnn (ApiAnnNotUsed) { T15242.hs:6:13-21 })
(HsPar
(SrcSpanAnn (ApiAnnNotUsed) { T15242.hs:6:14-20 })
(HsPar
(SrcSpanAnn (ApiAnnNotUsed) { T15242.hs:5:5-17 })
(HsPar
(SrcSpanAnn (ApiAnnNotUsed) { T15242.hs:5:6-16 })
(HsPar
(SrcSpanAnn (ApiAnnNotUsed) { T15242.hs:5:7-13 })
(HsPar
(SrcSpanAnn (ApiAnnNotUsed) { T15242.hs:5:19-37 })
(HsPar
(SrcSpanAnn (ApiAnnNotUsed) { T15242.hs:5:20-32 })
(HsPar
(SrcSpanAnn (ApiAnnNotUsed) { T15242.hs:5:21-31 })
(HsPar
(SrcSpanAnn (ApiAnnNotUsed) { T15242.hs:5:22-26 })
(HsPar
