
==================== Strictness signatures ====================
BottomFromInnerLambda.$trModule:
BottomFromInnerLambda.expensive: <SP(MU)>
BottomFromInnerLambda.f: <SP(MU)>



==================== Term signatures ====================
BottomFromInnerLambda.$trModule: *
BottomFromInnerLambda.expensive: *1(#)
BottomFromInnerLambda.f: *L*(#..)



==================== Cpr signatures ====================
BottomFromInnerLambda.$trModule:
BottomFromInnerLambda.expensive: 1
BottomFromInnerLambda.f:



==================== Strictness signatures ====================
BottomFromInnerLambda.$trModule:
BottomFromInnerLambda.expensive: <SP(SU)>
BottomFromInnerLambda.f: <SP(SU)>


