
==================== Strictness signatures ====================
HyperStrUse.$trModule:
HyperStrUse.f: <SP(SP(U),A)><SU>



==================== Term signatures ====================
HyperStrUse.$trModule: *
HyperStrUse.f: *1(#)



==================== Cpr signatures ====================
HyperStrUse.$trModule:
HyperStrUse.f: 1



==================== Strictness signatures ====================
HyperStrUse.$trModule:
HyperStrUse.f: <SP(SP(U),A)><SU>


