
==================== Strictness signatures ====================
Test.$tc'MkT:
Test.$tcT:
Test.$trModule:
Test.t: <SP(U)><SP(U)>
Test.t2: <SP(U)><SP(U)>



==================== Term signatures ====================
Test.$tc'MkT: *
Test.$tcT: *
Test.$trModule: *
Test.t: #1(#)
Test.t2: #1(#)



==================== Cpr signatures ====================
Test.$tc'MkT:
Test.$tcT:
Test.$trModule:
Test.t: 1
Test.t2: 1



==================== Strictness signatures ====================
Test.$tc'MkT:
Test.$tcT:
Test.$trModule:
Test.t: <SP(U)><SP(U)>
Test.t2: <SP(U)><SP(U)>


