
==================== Strictness signatures ====================
StrAnalExample.$trModule:
StrAnalExample.foo: <SU>



==================== Term signatures ====================
StrAnalExample.$trModule: *
StrAnalExample.foo: #



==================== Cpr signatures ====================
StrAnalExample.$trModule:
StrAnalExample.foo:



==================== Strictness signatures ====================
StrAnalExample.$trModule:
StrAnalExample.foo: <SU>


