
==================== Strictness signatures ====================
T12370.$trModule:
T12370.bar: <SP(U)><SP(U)>
T12370.foo: <SP(SP(U),SP(U))>



==================== Term signatures ====================
T12370.$trModule: *
T12370.bar: *1(#)
T12370.foo: #1(#)



==================== Cpr signatures ====================
T12370.$trModule:
T12370.bar: 1
T12370.foo: 1



==================== Strictness signatures ====================
T12370.$trModule:
T12370.bar: <SP(U)><SP(U)>
T12370.foo: <SP(SP(U),SP(U))>


