
==================== Strictness signatures ====================
T13380f.$trModule:
T13380f.f: <SP(U)><SP(U)><U>
T13380f.g: <SP(U)><1P(U)><U>
T13380f.h: <SP(U)><1P(U)><U>
T13380f.interruptibleCall: <U>
T13380f.safeCall: <U>
T13380f.unsafeCall: <U>



==================== Term signatures ====================
T13380f.$trModule: *
T13380f.f: *1(*, #1(#))
T13380f.g: *1(*, #1(#))
T13380f.h: *1(*, #1(#))
T13380f.interruptibleCall: *1(*, #)
T13380f.safeCall: *1(*, #)
T13380f.unsafeCall: *1(*, #)



==================== Cpr signatures ====================
T13380f.$trModule:
T13380f.f: 1(, 1)
T13380f.g: 1(, 1)
T13380f.h: 1(, 1)
T13380f.interruptibleCall: 1(, 1)
T13380f.safeCall: 1(, 1)
T13380f.unsafeCall: 1(, 1)



==================== Strictness signatures ====================
T13380f.$trModule:
T13380f.f: <SP(U)><SP(U)><U>
T13380f.g: <SP(U)><1P(U)><U>
T13380f.h: <SP(U)><1P(U)><U>
T13380f.interruptibleCall: <U>
T13380f.safeCall: <U>
T13380f.unsafeCall: <U>


