
==================== Strictness signatures ====================
Foo.$trModule:
Foo.f: <SP(SU)><SP(U)><SP(U)>
Foo.g: <SP(SP(U),SP(U))>



==================== Term signatures ====================
Foo.$trModule: *
Foo.f: #1(#)
Foo.g: #1(#)



==================== Cpr signatures ====================
Foo.$trModule:
Foo.f: 1
Foo.g: 1



==================== Strictness signatures ====================
Foo.$trModule:
Foo.f: <SP(SU)><SP(U)><SP(U)>
Foo.g: <SP(SP(U),SP(U))>


