
==================== Parser AST ====================

(L
 { DumpParsedAst.hs:1:1 }
 (HsModule
  (ApiAnn
   (Anchor
    { DumpParsedAst.hs:1:1 }
    (UnchangedAnchor))
   (AnnsModule
    [(AddApiAnn AnnModule { DumpParsedAst.hs:4:1-6 })
    ,(AddApiAnn AnnWhere { DumpParsedAst.hs:4:22-26 })]
    (AnnList
     (Nothing)
     (Nothing)
     (Nothing)
     []
     []))
   (AnnCommentsBalanced
    []
    [(L
      (Anchor
       { DumpParsedAst.hs:20:1 }
       (UnchangedAnchor))
      (AnnComment
       (AnnEofComment)
       { placeholder:-1:-1 }))]))
  (VirtualBraces
   (1))
  (Just
   (L
    { DumpParsedAst.hs:4:8-20 }
    {ModuleName: DumpParsedAst}))
  (Nothing)
  [(L
    (SrcSpanAnn (ApiAnnNotUsed) { DumpParsedAst.hs:5:1-16 })
    (ImportDecl
     (ApiAnn
      (Anchor
       { DumpParsedAst.hs:5:1-6 }
       (UnchangedAnchor))
      (ApiAnnImportDecl
       { DumpParsedAst.hs:5:1-6 }
       (Nothing)
       (Nothing)
       (Nothing)
       (Nothing)
       (Nothing))
      (AnnComments
       []))
     (NoSourceText)
     (L
      { DumpParsedAst.hs:5:8-16 }
      {ModuleName: Data.Kind})
     (Nothing)
     (NotBoot)
     (False)
     (NotQualified)
     (False)
     (Nothing)
     (Nothing)))]
  [(L
    (SrcSpanAnn (ApiAnn
                 (Anchor
                  { DumpParsedAst.hs:7:1-30 }
                  (UnchangedAnchor))
                 (AnnListItem
                  [])
                 (AnnComments
                  [])) { DumpParsedAst.hs:7:1-30 })
    (TyClD
     (NoExtField)
     (DataDecl
      (ApiAnn
       (Anchor
        { DumpParsedAst.hs:7:1-30 }
        (UnchangedAnchor))
       [(AddApiAnn AnnData { DumpParsedAst.hs:7:1-4 })
       ,(AddApiAnn AnnEqual { DumpParsedAst.hs:7:12 })]
       (AnnComments
        []))
      (L
       (SrcSpanAnn (ApiAnnNotUsed) { DumpParsedAst.hs:7:6-10 })
       (Unqual
        {OccName: Peano}))
      (HsQTvs
       (NoExtField)
       [])
      (Prefix)
      (HsDataDefn
       (ApiAnn
        (Anchor
         { DumpParsedAst.hs:7:1-30 }
         (UnchangedAnchor))
        [(AddApiAnn AnnData { DumpParsedAst.hs:7:1-4 })
        ,(AddApiAnn AnnEqual { DumpParsedAst.hs:7:12 })]
        (AnnComments
         []))
       (DataType)
       (Nothing)
       (Nothing)
       (Nothing)
       [(L
         (SrcSpanAnn (ApiAnn
                      (Anchor
                       { DumpParsedAst.hs:7:14-17 }
                       (UnchangedAnchor))
                      (AnnListItem
                       [(AddVbarAnn
                         { DumpParsedAst.hs:7:19 })])
                      (AnnComments
                       [])) { DumpParsedAst.hs:7:14-17 })
         (ConDeclH98
          (ApiAnn
           (Anchor
            { DumpParsedAst.hs:7:14-17 }
            (UnchangedAnchor))
           []
           (AnnComments
            []))
          (L
           (SrcSpanAnn (ApiAnnNotUsed) { DumpParsedAst.hs:7:14-17 })
           (Unqual
            {OccName: Zero}))
          (False)
          []
          (Nothing)
          (PrefixCon
           []
           [])
          (Nothing)))
       ,(L
         (SrcSpanAnn (ApiAnnNotUsed) { DumpParsedAst.hs:7:21-30 })
         (ConDeclH98
          (ApiAnn
           (Anchor
            { DumpParsedAst.hs:7:21-30 }
            (UnchangedAnchor))
           []
           (AnnComments
            []))
          (L
           (SrcSpanAnn (ApiAnnNotUsed) { DumpParsedAst.hs:7:21-24 })
           (Unqual
            {OccName: Succ}))
          (False)
          []
          (Nothing)
          (PrefixCon
           []
           [(HsScaled
             (HsLinearArrow
              (NormalSyntax)
              (Nothing))
             (L
              (SrcSpanAnn (ApiAnnNotUsed) { DumpParsedAst.hs:7:26-30 })
              (HsTyVar
               (ApiAnn
                (Anchor
                 { DumpParsedAst.hs:7:26-30 }
                 (UnchangedAnchor))
                []
                (AnnComments
                 []))
               (NotPromoted)
               (L
                (SrcSpanAnn (ApiAnnNotUsed) { DumpParsedAst.hs:7:26-30 })
                (Unqual
                 {OccName: Peano})))))])
          (Nothing)))]
       []))))
  ,(L
    (SrcSpanAnn (ApiAnn
                 (Anchor
                  { DumpParsedAst.hs:9:1-39 }
                  (UnchangedAnchor))
                 (AnnListItem
                  [])
                 (AnnComments
                  [])) { DumpParsedAst.hs:9:1-39 })
    (TyClD
     (NoExtField)
     (FamDecl
      (NoExtField)
      (FamilyDecl
       (ApiAnn
        (Anchor
         { DumpParsedAst.hs:9:1-45 }
         (UnchangedAnchor))
        [(AddApiAnn AnnType { DumpParsedAst.hs:9:1-4 })
        ,(AddApiAnn AnnFamily { DumpParsedAst.hs:9:6-11 })
        ,(AddApiAnn AnnDcolon { DumpParsedAst.hs:9:32-33 })
        ,(AddApiAnn AnnWhere { DumpParsedAst.hs:9:41-45 })
        ,(AddApiAnn AnnCloseP { DumpParsedAst.hs:9:30 })
        ,(AddApiAnn AnnOpenP { DumpParsedAst.hs:9:20 })]
        (AnnComments
         []))
       (ClosedTypeFamily
        (Just
         [(L
           (SrcSpanAnn (ApiAnnNotUsed) { DumpParsedAst.hs:10:3-36 })
           (FamEqn
            (ApiAnn
             (Anchor
              { DumpParsedAst.hs:10:3-36 }
              (UnchangedAnchor))
             [(AddApiAnn AnnEqual { DumpParsedAst.hs:10:19 })]
             (AnnComments
              []))
            (L
             (SrcSpanAnn (ApiAnnNotUsed) { DumpParsedAst.hs:10:3-8 })
             (Unqual
              {OccName: Length}))
            (HsOuterImplicit
             (NoExtField))
            [(HsValArg
              (L
               (SrcSpanAnn (ApiAnnNotUsed) { DumpParsedAst.hs:10:10-17 })
               (HsParTy
                (ApiAnn
                 (Anchor
                  { DumpParsedAst.hs:10:10 }
                  (UnchangedAnchor))
                 (AnnParen
                  (AnnParens)
                  { DumpParsedAst.hs:10:10 }
                  { DumpParsedAst.hs:10:17 })
                 (AnnComments
                  []))
                (L
                 (SrcSpanAnn (ApiAnnNotUsed) { DumpParsedAst.hs:10:11-16 })
                 (HsOpTy
                  (NoExtField)
                  (L
                   (SrcSpanAnn (ApiAnnNotUsed) { DumpParsedAst.hs:10:11 })
                   (HsTyVar
                    (ApiAnn
                     (Anchor
                      { DumpParsedAst.hs:10:11 }
                      (UnchangedAnchor))
                     []
                     (AnnComments
                      []))
                    (NotPromoted)
                    (L
                     (SrcSpanAnn (ApiAnnNotUsed) { DumpParsedAst.hs:10:11 })
                     (Unqual
                      {OccName: a}))))
                  (L
                   (SrcSpanAnn (ApiAnnNotUsed) { DumpParsedAst.hs:10:13 })
                   (Exact
                    {Name: :}))
                  (L
                   (SrcSpanAnn (ApiAnnNotUsed) { DumpParsedAst.hs:10:15-16 })
                   (HsTyVar
                    (ApiAnn
                     (Anchor
                      { DumpParsedAst.hs:10:15-16 }
                      (UnchangedAnchor))
                     []
                     (AnnComments
                      []))
                    (NotPromoted)
                    (L
                     (SrcSpanAnn (ApiAnnNotUsed) { DumpParsedAst.hs:10:15-16 })
                     (Unqual
                      {OccName: as})))))))))]
            (Prefix)
            (L
             (SrcSpanAnn (ApiAnnNotUsed) { DumpParsedAst.hs:10:21-36 })
             (HsAppTy
              (NoExtField)
              (L
               (SrcSpanAnn (ApiAnnNotUsed) { DumpParsedAst.hs:10:21-24 })
               (HsTyVar
                (ApiAnn
                 (Anchor
                  { DumpParsedAst.hs:10:21-24 }
                  (UnchangedAnchor))
                 []
                 (AnnComments
                  []))
                (NotPromoted)
                (L
                 (SrcSpanAnn (ApiAnnNotUsed) { DumpParsedAst.hs:10:21-24 })
                 (Unqual
                  {OccName: Succ}))))
              (L
               (SrcSpanAnn (ApiAnnNotUsed) { DumpParsedAst.hs:10:26-36 })
               (HsParTy
                (ApiAnn
                 (Anchor
                  { DumpParsedAst.hs:10:26 }
                  (UnchangedAnchor))
                 (AnnParen
                  (AnnParens)
                  { DumpParsedAst.hs:10:26 }
                  { DumpParsedAst.hs:10:36 })
                 (AnnComments
                  []))
                (L
                 (SrcSpanAnn (ApiAnnNotUsed) { DumpParsedAst.hs:10:27-35 })
                 (HsAppTy
                  (NoExtField)
                  (L
                   (SrcSpanAnn (ApiAnnNotUsed) { DumpParsedAst.hs:10:27-32 })
                   (HsTyVar
                    (ApiAnn
                     (Anchor
                      { DumpParsedAst.hs:10:27-32 }
                      (UnchangedAnchor))
                     []
                     (AnnComments
                      []))
                    (NotPromoted)
                    (L
                     (SrcSpanAnn (ApiAnnNotUsed) { DumpParsedAst.hs:10:27-32 })
                     (Unqual
                      {OccName: Length}))))
                  (L
                   (SrcSpanAnn (ApiAnnNotUsed) { DumpParsedAst.hs:10:34-35 })
                   (HsTyVar
                    (ApiAnn
                     (Anchor
                      { DumpParsedAst.hs:10:34-35 }
                      (UnchangedAnchor))
                     []
                     (AnnComments
                      []))
                    (NotPromoted)
                    (L
                     (SrcSpanAnn (ApiAnnNotUsed) { DumpParsedAst.hs:10:34-35 })
                     (Unqual
                      {OccName: as}))))))))))))
         ,(L
           (SrcSpanAnn (ApiAnnNotUsed) { DumpParsedAst.hs:11:3-24 })
           (FamEqn
            (ApiAnn
             (Anchor
              { DumpParsedAst.hs:11:3-24 }
              (UnchangedAnchor))
             [(AddApiAnn AnnEqual { DumpParsedAst.hs:11:19 })]
             (AnnComments
              []))
            (L
             (SrcSpanAnn (ApiAnnNotUsed) { DumpParsedAst.hs:11:3-8 })
             (Unqual
              {OccName: Length}))
            (HsOuterImplicit
             (NoExtField))
            [(HsValArg
              (L
               (SrcSpanAnn (ApiAnnNotUsed) { DumpParsedAst.hs:11:10-12 })
               (HsExplicitListTy
                (ApiAnn
                 (Anchor
                  { DumpParsedAst.hs:11:10 }
                  (UnchangedAnchor))
                 [(AddApiAnn AnnSimpleQuote { DumpParsedAst.hs:11:10 })
                 ,(AddApiAnn AnnOpenS { DumpParsedAst.hs:11:11 })
                 ,(AddApiAnn AnnCloseS { DumpParsedAst.hs:11:12 })]
                 (AnnComments
                  []))
                (IsPromoted)
                [])))]
            (Prefix)
            (L
             (SrcSpanAnn (ApiAnnNotUsed) { DumpParsedAst.hs:11:21-24 })
             (HsTyVar
              (ApiAnn
               (Anchor
                { DumpParsedAst.hs:11:21-24 }
                (UnchangedAnchor))
               []
               (AnnComments
                []))
              (NotPromoted)
              (L
               (SrcSpanAnn (ApiAnnNotUsed) { DumpParsedAst.hs:11:21-24 })
               (Unqual
                {OccName: Zero}))))))]))
       (TopLevel)
       (L
        (SrcSpanAnn (ApiAnnNotUsed) { DumpParsedAst.hs:9:13-18 })
        (Unqual
         {OccName: Length}))
       (HsQTvs
        (NoExtField)
        [(L
          (SrcSpanAnn (ApiAnnNotUsed) { DumpParsedAst.hs:9:20-30 })
          (KindedTyVar
           (ApiAnn
            (Anchor
             { DumpParsedAst.hs:9:20-30 }
             (UnchangedAnchor))
            [(AddApiAnn AnnDcolon { DumpParsedAst.hs:9:24-25 })
            ,(AddApiAnn AnnOpenP { DumpParsedAst.hs:9:20 })
            ,(AddApiAnn AnnCloseP { DumpParsedAst.hs:9:30 })]
            (AnnComments
             []))
           (())
           (L
            (SrcSpanAnn (ApiAnnNotUsed) { DumpParsedAst.hs:9:21-22 })
            (Unqual
             {OccName: as}))
           (L
            (SrcSpanAnn (ApiAnnNotUsed) { DumpParsedAst.hs:9:27-29 })
            (HsListTy
             (ApiAnn
              (Anchor
               { DumpParsedAst.hs:9:27 }
               (UnchangedAnchor))
              (AnnParen
               (AnnParensSquare)
               { DumpParsedAst.hs:9:27 }
               { DumpParsedAst.hs:9:29 })
              (AnnComments
               []))
             (L
              (SrcSpanAnn (ApiAnnNotUsed) { DumpParsedAst.hs:9:28 })
              (HsTyVar
               (ApiAnn
                (Anchor
                 { DumpParsedAst.hs:9:28 }
                 (UnchangedAnchor))
                []
                (AnnComments
                 []))
               (NotPromoted)
               (L
                (SrcSpanAnn (ApiAnnNotUsed) { DumpParsedAst.hs:9:28 })
                (Unqual
                 {OccName: k}))))))))])
       (Prefix)
       (L
        { DumpParsedAst.hs:9:32-39 }
        (KindSig
         (NoExtField)
         (L
          (SrcSpanAnn (ApiAnnNotUsed) { DumpParsedAst.hs:9:35-39 })
          (HsTyVar
           (ApiAnn
            (Anchor
             { DumpParsedAst.hs:9:35-39 }
             (UnchangedAnchor))
            []
            (AnnComments
             []))
           (NotPromoted)
           (L
            (SrcSpanAnn (ApiAnnNotUsed) { DumpParsedAst.hs:9:35-39 })
            (Unqual
             {OccName: Peano}))))))
       (Nothing)))))
  ,(L
    (SrcSpanAnn (ApiAnn
                 (Anchor
                  { DumpParsedAst.hs:14:1-29 }
                  (UnchangedAnchor))
                 (AnnListItem
                  [])
                 (AnnComments
                  [])) { DumpParsedAst.hs:14:1-29 })
    (TyClD
     (NoExtField)
     (DataDecl
      (ApiAnn
       (Anchor
        { DumpParsedAst.hs:14:1-29 }
        (UnchangedAnchor))
       [(AddApiAnn AnnData { DumpParsedAst.hs:14:1-4 })
       ,(AddApiAnn AnnEqual { DumpParsedAst.hs:14:19 })
       ,(AddApiAnn AnnCloseP { DumpParsedAst.hs:14:17 })
       ,(AddApiAnn AnnOpenP { DumpParsedAst.hs:14:10 })]
       (AnnComments
        []))
      (L
       (SrcSpanAnn (ApiAnnNotUsed) { DumpParsedAst.hs:14:6 })
       (Unqual
        {OccName: T}))
      (HsQTvs
       (NoExtField)
       [(L
         (SrcSpanAnn (ApiAnnNotUsed) { DumpParsedAst.hs:14:8 })
         (UserTyVar
          (ApiAnn
           (Anchor
            { DumpParsedAst.hs:14:8 }
            (UnchangedAnchor))
           []
           (AnnComments
            []))
          (())
          (L
           (SrcSpanAnn (ApiAnnNotUsed) { DumpParsedAst.hs:14:8 })
           (Unqual
            {OccName: f}))))
       ,(L
         (SrcSpanAnn (ApiAnnNotUsed) { DumpParsedAst.hs:14:10-17 })
         (KindedTyVar
          (ApiAnn
           (Anchor
            { DumpParsedAst.hs:14:10-17 }
            (UnchangedAnchor))
           [(AddApiAnn AnnDcolon { DumpParsedAst.hs:14:13-14 })
           ,(AddApiAnn AnnOpenP { DumpParsedAst.hs:14:10 })
           ,(AddApiAnn AnnCloseP { DumpParsedAst.hs:14:17 })]
           (AnnComments
            []))
          (())
          (L
           (SrcSpanAnn (ApiAnnNotUsed) { DumpParsedAst.hs:14:11 })
           (Unqual
            {OccName: a}))
          (L
           (SrcSpanAnn (ApiAnnNotUsed) { DumpParsedAst.hs:14:16 })
           (HsTyVar
            (ApiAnn
             (Anchor
              { DumpParsedAst.hs:14:16 }
              (UnchangedAnchor))
             []
             (AnnComments
              []))
            (NotPromoted)
            (L
             (SrcSpanAnn (ApiAnnNotUsed) { DumpParsedAst.hs:14:16 })
             (Unqual
              {OccName: k}))))))])
      (Prefix)
      (HsDataDefn
       (ApiAnn
        (Anchor
         { DumpParsedAst.hs:14:1-29 }
         (UnchangedAnchor))
        [(AddApiAnn AnnData { DumpParsedAst.hs:14:1-4 })
        ,(AddApiAnn AnnEqual { DumpParsedAst.hs:14:19 })
        ,(AddApiAnn AnnCloseP { DumpParsedAst.hs:14:17 })
        ,(AddApiAnn AnnOpenP { DumpParsedAst.hs:14:10 })]
        (AnnComments
         []))
       (DataType)
       (Nothing)
       (Nothing)
       (Nothing)
       [(L
         (SrcSpanAnn (ApiAnnNotUsed) { DumpParsedAst.hs:14:21-29 })
         (ConDeclH98
          (ApiAnn
           (Anchor
            { DumpParsedAst.hs:14:21-29 }
            (UnchangedAnchor))
           []
           (AnnComments
            []))
          (L
           (SrcSpanAnn (ApiAnnNotUsed) { DumpParsedAst.hs:14:21-23 })
           (Unqual
            {OccName: MkT}))
          (False)
          []
          (Nothing)
          (PrefixCon
           []
           [(HsScaled
             (HsLinearArrow
              (NormalSyntax)
              (Nothing))
             (L
              (SrcSpanAnn (ApiAnnNotUsed) { DumpParsedAst.hs:14:25-29 })
              (HsParTy
               (ApiAnn
                (Anchor
                 { DumpParsedAst.hs:14:25 }
                 (UnchangedAnchor))
                (AnnParen
                 (AnnParens)
                 { DumpParsedAst.hs:14:25 }
                 { DumpParsedAst.hs:14:29 })
                (AnnComments
                 []))
               (L
                (SrcSpanAnn (ApiAnnNotUsed) { DumpParsedAst.hs:14:26-28 })
                (HsAppTy
                 (NoExtField)
                 (L
                  (SrcSpanAnn (ApiAnnNotUsed) { DumpParsedAst.hs:14:26 })
                  (HsTyVar
                   (ApiAnn
                    (Anchor
                     { DumpParsedAst.hs:14:26 }
                     (UnchangedAnchor))
                    []
                    (AnnComments
                     []))
                   (NotPromoted)
                   (L
                    (SrcSpanAnn (ApiAnnNotUsed) { DumpParsedAst.hs:14:26 })
                    (Unqual
                     {OccName: f}))))
                 (L
                  (SrcSpanAnn (ApiAnnNotUsed) { DumpParsedAst.hs:14:28 })
                  (HsTyVar
                   (ApiAnn
                    (Anchor
                     { DumpParsedAst.hs:14:28 }
                     (UnchangedAnchor))
                    []
                    (AnnComments
                     []))
                   (NotPromoted)
                   (L
                    (SrcSpanAnn (ApiAnnNotUsed) { DumpParsedAst.hs:14:28 })
                    (Unqual
                     {OccName: a})))))))))])
          (Nothing)))]
       []))))
  ,(L
    (SrcSpanAnn (ApiAnn
                 (Anchor
                  { DumpParsedAst.hs:16:1-48 }
                  (UnchangedAnchor))
                 (AnnListItem
                  [])
                 (AnnComments
                  [])) { DumpParsedAst.hs:16:1-48 })
    (TyClD
     (NoExtField)
     (FamDecl
      (NoExtField)
      (FamilyDecl
       (ApiAnn
        (Anchor
         { DumpParsedAst.hs:16:1-54 }
         (UnchangedAnchor))
        [(AddApiAnn AnnType { DumpParsedAst.hs:16:1-4 })
        ,(AddApiAnn AnnFamily { DumpParsedAst.hs:16:6-11 })
        ,(AddApiAnn AnnDcolon { DumpParsedAst.hs:16:42-43 })
        ,(AddApiAnn AnnWhere { DumpParsedAst.hs:16:50-54 })
        ,(AddApiAnn AnnCloseP { DumpParsedAst.hs:16:23 })
        ,(AddApiAnn AnnOpenP { DumpParsedAst.hs:16:16 })
        ,(AddApiAnn AnnCloseP { DumpParsedAst.hs:16:40 })
        ,(AddApiAnn AnnOpenP { DumpParsedAst.hs:16:25 })]
        (AnnComments
         []))
       (ClosedTypeFamily
        (Just
         [(L
           (SrcSpanAnn (ApiAnnNotUsed) { DumpParsedAst.hs:17:3-30 })
           (FamEqn
            (ApiAnn
             (Anchor
              { DumpParsedAst.hs:17:3-30 }
              (UnchangedAnchor))
             [(AddApiAnn AnnEqual { DumpParsedAst.hs:17:17 })]
             (AnnComments
              []))
            (L
             (SrcSpanAnn (ApiAnnNotUsed) { DumpParsedAst.hs:17:3-4 })
             (Unqual
              {OccName: F1}))
            (HsOuterImplicit
             (NoExtField))
            [(HsTypeArg
              { DumpParsedAst.hs:17:6 }
              (L
               (SrcSpanAnn (ApiAnnNotUsed) { DumpParsedAst.hs:17:7-11 })
               (HsTyVar
                (ApiAnn
                 (Anchor
                  { DumpParsedAst.hs:17:7-11 }
                  (UnchangedAnchor))
                 []
                 (AnnComments
                  []))
                (NotPromoted)
                (L
                 (SrcSpanAnn (ApiAnnNotUsed) { DumpParsedAst.hs:17:7-11 })
                 (Unqual
                  {OccName: Peano})))))
            ,(HsValArg
              (L
               (SrcSpanAnn (ApiAnnNotUsed) { DumpParsedAst.hs:17:13 })
               (HsTyVar
                (ApiAnn
                 (Anchor
                  { DumpParsedAst.hs:17:13 }
                  (UnchangedAnchor))
                 []
                 (AnnComments
                  []))
                (NotPromoted)
                (L
                 (SrcSpanAnn (ApiAnnNotUsed) { DumpParsedAst.hs:17:13 })
                 (Unqual
                  {OccName: a})))))
            ,(HsValArg
              (L
               (SrcSpanAnn (ApiAnnNotUsed) { DumpParsedAst.hs:17:15 })
               (HsTyVar
                (ApiAnn
                 (Anchor
                  { DumpParsedAst.hs:17:15 }
                  (UnchangedAnchor))
                 []
                 (AnnComments
                  []))
                (NotPromoted)
                (L
                 (SrcSpanAnn (ApiAnnNotUsed) { DumpParsedAst.hs:17:15 })
                 (Unqual
                  {OccName: f})))))]
            (Prefix)
            (L
             (SrcSpanAnn (ApiAnnNotUsed) { DumpParsedAst.hs:17:19-30 })
             (HsAppTy
              (NoExtField)
              (L
               (SrcSpanAnn (ApiAnnNotUsed) { DumpParsedAst.hs:17:19-28 })
               (HsAppTy
                (NoExtField)
                (L
                 (SrcSpanAnn (ApiAnnNotUsed) { DumpParsedAst.hs:17:19-26 })
                 (HsAppKindTy
                  { DumpParsedAst.hs:17:21 }
                  (L
                   (SrcSpanAnn (ApiAnnNotUsed) { DumpParsedAst.hs:17:19 })
                   (HsTyVar
                    (ApiAnn
                     (Anchor
                      { DumpParsedAst.hs:17:19 }
                      (UnchangedAnchor))
                     []
                     (AnnComments
                      []))
                    (NotPromoted)
                    (L
                     (SrcSpanAnn (ApiAnnNotUsed) { DumpParsedAst.hs:17:19 })
                     (Unqual
                      {OccName: T}))))
                  (L
                   (SrcSpanAnn (ApiAnnNotUsed) { DumpParsedAst.hs:17:22-26 })
                   (HsTyVar
                    (ApiAnn
                     (Anchor
                      { DumpParsedAst.hs:17:22-26 }
                      (UnchangedAnchor))
                     []
                     (AnnComments
                      []))
                    (NotPromoted)
                    (L
                     (SrcSpanAnn (ApiAnnNotUsed) { DumpParsedAst.hs:17:22-26 })
                     (Unqual
                      {OccName: Peano}))))))
                (L
                 (SrcSpanAnn (ApiAnnNotUsed) { DumpParsedAst.hs:17:28 })
                 (HsTyVar
                  (ApiAnn
                   (Anchor
                    { DumpParsedAst.hs:17:28 }
                    (UnchangedAnchor))
                   []
                   (AnnComments
                    []))
                  (NotPromoted)
                  (L
                   (SrcSpanAnn (ApiAnnNotUsed) { DumpParsedAst.hs:17:28 })
                   (Unqual
                    {OccName: f}))))))
              (L
               (SrcSpanAnn (ApiAnnNotUsed) { DumpParsedAst.hs:17:30 })
               (HsTyVar
                (ApiAnn
                 (Anchor
                  { DumpParsedAst.hs:17:30 }
                  (UnchangedAnchor))
                 []
                 (AnnComments
                  []))
                (NotPromoted)
                (L
                 (SrcSpanAnn (ApiAnnNotUsed) { DumpParsedAst.hs:17:30 })
                 (Unqual
                  {OccName: a}))))))))]))
       (TopLevel)
       (L
        (SrcSpanAnn (ApiAnnNotUsed) { DumpParsedAst.hs:16:13-14 })
        (Unqual
         {OccName: F1}))
       (HsQTvs
        (NoExtField)
        [(L
          (SrcSpanAnn (ApiAnnNotUsed) { DumpParsedAst.hs:16:16-23 })
          (KindedTyVar
           (ApiAnn
            (Anchor
             { DumpParsedAst.hs:16:16-23 }
             (UnchangedAnchor))
            [(AddApiAnn AnnDcolon { DumpParsedAst.hs:16:19-20 })
            ,(AddApiAnn AnnOpenP { DumpParsedAst.hs:16:16 })
            ,(AddApiAnn AnnCloseP { DumpParsedAst.hs:16:23 })]
            (AnnComments
             []))
           (())
           (L
            (SrcSpanAnn (ApiAnnNotUsed) { DumpParsedAst.hs:16:17 })
            (Unqual
             {OccName: a}))
           (L
            (SrcSpanAnn (ApiAnnNotUsed) { DumpParsedAst.hs:16:22 })
            (HsTyVar
             (ApiAnn
              (Anchor
               { DumpParsedAst.hs:16:22 }
               (UnchangedAnchor))
              []
              (AnnComments
               []))
             (NotPromoted)
             (L
              (SrcSpanAnn (ApiAnnNotUsed) { DumpParsedAst.hs:16:22 })
              (Unqual
               {OccName: k}))))))
        ,(L
          (SrcSpanAnn (ApiAnnNotUsed) { DumpParsedAst.hs:16:25-40 })
          (KindedTyVar
           (ApiAnn
            (Anchor
             { DumpParsedAst.hs:16:25-40 }
             (UnchangedAnchor))
            [(AddApiAnn AnnDcolon { DumpParsedAst.hs:16:28-29 })
            ,(AddApiAnn AnnOpenP { DumpParsedAst.hs:16:25 })
            ,(AddApiAnn AnnCloseP { DumpParsedAst.hs:16:40 })]
            (AnnComments
             []))
           (())
           (L
            (SrcSpanAnn (ApiAnnNotUsed) { DumpParsedAst.hs:16:26 })
            (Unqual
             {OccName: f}))
           (L
            (SrcSpanAnn (ApiAnnNotUsed) { DumpParsedAst.hs:16:31-39 })
            (HsFunTy
             (ApiAnn
              (Anchor
               { DumpParsedAst.hs:16:31 }
               (UnchangedAnchor))
              (AddRarrowAnn
               { DumpParsedAst.hs:16:33-34 })
              (AnnComments
               []))
             (HsUnrestrictedArrow
              (NormalSyntax))
             (L
              (SrcSpanAnn (ApiAnnNotUsed) { DumpParsedAst.hs:16:31 })
              (HsTyVar
               (ApiAnn
                (Anchor
                 { DumpParsedAst.hs:16:31 }
                 (UnchangedAnchor))
                []
                (AnnComments
                 []))
               (NotPromoted)
               (L
                (SrcSpanAnn (ApiAnnNotUsed) { DumpParsedAst.hs:16:31 })
                (Unqual
                 {OccName: k}))))
             (L
              (SrcSpanAnn (ApiAnnNotUsed) { DumpParsedAst.hs:16:36-39 })
              (HsTyVar
               (ApiAnn
                (Anchor
                 { DumpParsedAst.hs:16:36-39 }
                 (UnchangedAnchor))
                []
                (AnnComments
                 []))
               (NotPromoted)
               (L
                (SrcSpanAnn (ApiAnnNotUsed) { DumpParsedAst.hs:16:36-39 })
                (Unqual
                 {OccName: Type}))))))))])
       (Prefix)
       (L
        { DumpParsedAst.hs:16:42-48 }
        (KindSig
         (NoExtField)
         (L
          (SrcSpanAnn (ApiAnnNotUsed) { DumpParsedAst.hs:16:45-48 })
          (HsTyVar
           (ApiAnn
            (Anchor
             { DumpParsedAst.hs:16:45-48 }
             (UnchangedAnchor))
            []
            (AnnComments
             []))
           (NotPromoted)
           (L
            (SrcSpanAnn (ApiAnnNotUsed) { DumpParsedAst.hs:16:45-48 })
            (Unqual
             {OccName: Type}))))))
       (Nothing)))))
  ,(L
    (SrcSpanAnn (ApiAnn
                 (Anchor
                  { DumpParsedAst.hs:19:1-23 }
                  (UnchangedAnchor))
                 (AnnListItem
                  [])
                 (AnnComments
                  [])) { DumpParsedAst.hs:19:1-23 })
    (ValD
     (NoExtField)
     (FunBind
      (NoExtField)
      (L
       (SrcSpanAnn (ApiAnnNotUsed) { DumpParsedAst.hs:19:1-4 })
       (Unqual
        {OccName: main}))
      (MG
       (NoExtField)
       (L
        (SrcSpanAnn (ApiAnnNotUsed) { DumpParsedAst.hs:19:1-23 })
        [(L
          (SrcSpanAnn (ApiAnnNotUsed) { DumpParsedAst.hs:19:1-23 })
          (Match
           (ApiAnn
            (Anchor
             { DumpParsedAst.hs:19:1-23 }
             (UnchangedAnchor))
            []
            (AnnComments
             []))
           (FunRhs
            (L
             (SrcSpanAnn (ApiAnnNotUsed) { DumpParsedAst.hs:19:1-4 })
             (Unqual
              {OccName: main}))
            (Prefix)
            (NoSrcStrict))
           []
           (GRHSs
            (NoExtField)
            [(L
              { DumpParsedAst.hs:19:6-23 }
              (GRHS
               (ApiAnn
                (Anchor
                 { DumpParsedAst.hs:19:6-23 }
                 (UnchangedAnchor))
                (GrhsAnn
                 (Nothing)
                 (AddApiAnn AnnEqual { DumpParsedAst.hs:19:6 }))
                (AnnComments
                 []))
               []
               (L
                (SrcSpanAnn (ApiAnnNotUsed) { DumpParsedAst.hs:19:8-23 })
                (HsApp
                 (ApiAnn
                  (Anchor
                   { DumpParsedAst.hs:19:8-23 }
                   (UnchangedAnchor))
                  (NoApiAnns)
                  (AnnComments
                   []))
                 (L
                  (SrcSpanAnn (ApiAnnNotUsed) { DumpParsedAst.hs:19:8-15 })
                  (HsVar
                   (NoExtField)
                   (L
                    (SrcSpanAnn (ApiAnnNotUsed) { DumpParsedAst.hs:19:8-15 })
                    (Unqual
                     {OccName: putStrLn}))))
                 (L
                  (SrcSpanAnn (ApiAnnNotUsed) { DumpParsedAst.hs:19:17-23 })
                  (HsLit
                   (ApiAnn
                    (Anchor
                     { DumpParsedAst.hs:19:17-23 }
                     (UnchangedAnchor))
                    (NoApiAnns)
                    (AnnComments
                     []))
                   (HsString
                    (SourceText "hello")
                    {FastString: "hello"})))))))]
            (EmptyLocalBinds
             (NoExtField)))))])
       (FromSource))
      [])))]
  (Nothing)
  (Nothing)))
