
==================== Renamer ====================

(Just
 ((,,,)
  (HsGroup
   (NoExtField)
   (XValBindsLR
    (NValBinds
     []
     []))
   []
   [(TyClGroup
     (NoExtField)
     [(L
       (SrcSpanAnn (ApiAnn
                    (Anchor
                     { T14189.hs:6:1-42 }
                     (UnchangedAnchor))
                    (AnnListItem
                     [])
                    (AnnComments
                     [])) { T14189.hs:6:1-42 })
       (DataDecl
        (DataDeclRn
         (True)
         {NameSet:
          [{Name: GHC.Types.Int}]})
        (L
         (SrcSpanAnn (ApiAnnNotUsed) { T14189.hs:6:6-11 })
         {Name: T14189.MyType})
        (HsQTvs
         []
         [])
        (Prefix)
        (HsDataDefn
         (ApiAnnNotUsed)
         (DataType)
         (Nothing)
         (Nothing)
         (Nothing)
         [(L
           (SrcSpanAnn (ApiAnn
                        (Anchor
                         { T14189.hs:6:15-20 }
                         (UnchangedAnchor))
                        (AnnListItem
                         [(AddVbarAnn
                           { T14189.hs:6:22 })])
                        (AnnComments
                         [])) { T14189.hs:6:15-20 })
           (ConDeclH98
            (ApiAnnNotUsed)
            (L
             (SrcSpanAnn (ApiAnnNotUsed) { T14189.hs:6:15-16 })
             {Name: T14189.MT})
            (False)
            []
            (Nothing)
            (PrefixCon
             []
             [(HsScaled
               (HsLinearArrow
                (NormalSyntax)
                (Nothing))
               (L
                (SrcSpanAnn (ApiAnnNotUsed) { T14189.hs:6:18-20 })
                (HsTyVar
                 (ApiAnnNotUsed)
                 (NotPromoted)
                 (L
                  (SrcSpanAnn (ApiAnnNotUsed) { T14189.hs:6:18-20 })
                  {Name: GHC.Types.Int}))))])
            (Nothing)))
         ,(L
           (SrcSpanAnn (ApiAnn
                        (Anchor
                         { T14189.hs:6:24-25 }
                         (UnchangedAnchor))
                        (AnnListItem
                         [(AddVbarAnn
                           { T14189.hs:6:27 })])
                        (AnnComments
                         [])) { T14189.hs:6:24-25 })
           (ConDeclH98
            (ApiAnnNotUsed)
            (L
             (SrcSpanAnn (ApiAnnNotUsed) { T14189.hs:6:24-25 })
             {Name: T14189.NT})
            (False)
            []
            (Nothing)
            (PrefixCon
             []
             [])
            (Nothing)))
         ,(L
           (SrcSpanAnn (ApiAnnNotUsed) { T14189.hs:6:29-42 })
           (ConDeclH98
            (ApiAnnNotUsed)
            (L
             (SrcSpanAnn (ApiAnnNotUsed) { T14189.hs:6:29 })
             {Name: T14189.F})
            (False)
            []
            (Nothing)
            (RecCon
             (L
              (SrcSpanAnn (ApiAnn
                           (Anchor
                            { T14189.hs:6:31 }
                            (UnchangedAnchor))
                           (AnnList
                            (Just
                             (AddApiAnn AnnOpenC { T14189.hs:6:31 }))
                            (Just
                             (AddApiAnn AnnCloseC { T14189.hs:6:42 }))
                            []
                            [])
                           (AnnComments
                            [])) { T14189.hs:6:31-42 })
              [(L
                (SrcSpanAnn (ApiAnnNotUsed) { T14189.hs:6:33-40 })
                (ConDeclField
                 (ApiAnnNotUsed)
                 [(L
                   { T14189.hs:6:33 }
                   (FieldOcc
                    {Name: T14189.f}
                    (L
                     (SrcSpanAnn (ApiAnnNotUsed) { T14189.hs:6:33 })
                     (Unqual
                      {OccName: f}))))]
                 (L
                  (SrcSpanAnn (ApiAnnNotUsed) { T14189.hs:6:38-40 })
                  (HsTyVar
                   (ApiAnnNotUsed)
                   (NotPromoted)
                   (L
                    (SrcSpanAnn (ApiAnnNotUsed) { T14189.hs:6:38-40 })
                    {Name: GHC.Types.Int})))
                 (Nothing)))]))
            (Nothing)))]
         [])))]
     []
     []
     [])]
   []
   []
   []
   []
   []
   []
   []
   [])
  [(L
    (SrcSpanAnn (ApiAnnNotUsed) { T14189.hs:1:8-13 })
    (ImportDecl
     (NoExtField)
     (NoSourceText)
     (L
      { T14189.hs:1:8-13 }
      {ModuleName: Prelude})
     (Nothing)
     (NotBoot)
     (False)
     (NotQualified)
     (True)
     (Nothing)
     (Nothing)))]
  (Just
   [((,)
     (L
      (SrcSpanAnn (ApiAnnNotUsed) { T14189.hs:3:3-15 })
      (IEThingWith
       [(L
         { T14189.hs:3:11 }
         (FieldLabel
          {FastString: "f"}
          (False)
          {Name: T14189.f}))]
       (L
        (SrcSpanAnn (ApiAnnNotUsed) { T14189.hs:3:3-8 })
        (IEName
         (L
          (SrcSpanAnn (ApiAnnNotUsed) { T14189.hs:3:3-8 })
          {Name: T14189.MyType})))
       (NoIEWildcard)
       [(L
         (SrcSpanAnn (ApiAnnNotUsed) { T14189.hs:3:13-14 })
         (IEName
          (L
           (SrcSpanAnn (ApiAnnNotUsed) { T14189.hs:3:13-14 })
           {Name: T14189.NT})))]))
     [(AvailTC
       {Name: T14189.MyType}
       [(NormalGreName
         {Name: T14189.MyType})
       ,(NormalGreName
         {Name: T14189.NT})
       ,(FieldGreName
         (FieldLabel
          {FastString: "f"}
          (False)
          {Name: T14189.f}))])])])
  (Nothing)))
