
==================== Parser AST ====================

(L
 { T15323.hs:1:1 }
 (HsModule
  (ApiAnn
   (Anchor
    { T15323.hs:1:1 }
    (UnchangedAnchor))
   (AnnsModule
    [(AddApiAnn AnnModule { T15323.hs:3:1-6 })
    ,(AddApiAnn AnnWhere { T15323.hs:3:15-19 })]
    (AnnList
     (Nothing)
     (Nothing)
     []
     []))
   (AnnComments
    []))
  (VirtualBraces
   (1))
  (Just
   (L
    { T15323.hs:3:8-13 }
    {ModuleName: T15323}))
  (Nothing)
  []
  [(L
    (SrcSpanAnn (ApiAnn
                 (Anchor
                  { T15323.hs:(5,1)-(6,54) }
                  (UnchangedAnchor))
                 (AnnListItem
                  [])
                 (AnnComments
                  [])) { T15323.hs:(5,1)-(6,54) })
    (TyClD
     (NoExtField)
     (DataDecl
      (ApiAnn
       (Anchor
        { T15323.hs:(5,1)-(6,54) }
        (UnchangedAnchor))
       [(AddApiAnn AnnData { T15323.hs:5:1-4 })
       ,(AddApiAnn AnnWhere { T15323.hs:5:21-25 })]
       (AnnComments
        []))
      (L
       (SrcSpanAnn (ApiAnnNotUsed) { T15323.hs:5:6-17 })
       (Unqual
        {OccName: MaybeDefault}))
      (HsQTvs
       (NoExtField)
       [(L
         (SrcSpanAnn (ApiAnnNotUsed) { T15323.hs:5:19 })
         (UserTyVar
          (ApiAnn
           (Anchor
            { T15323.hs:5:19 }
            (UnchangedAnchor))
           []
           (AnnComments
            []))
          (())
          (L
           (SrcSpanAnn (ApiAnnNotUsed) { T15323.hs:5:19 })
           (Unqual
            {OccName: v}))))])
      (Prefix)
      (HsDataDefn
       (ApiAnn
        (Anchor
         { T15323.hs:(5,1)-(6,54) }
         (UnchangedAnchor))
        [(AddApiAnn AnnData { T15323.hs:5:1-4 })
        ,(AddApiAnn AnnWhere { T15323.hs:5:21-25 })]
        (AnnComments
         []))
       (DataType)
       (Nothing)
       (Nothing)
       (Nothing)
       [(L
         (SrcSpanAnn (ApiAnnNotUsed) { T15323.hs:6:5-54 })
         (ConDeclGADT
          (ApiAnn
           (Anchor
            { T15323.hs:6:5-54 }
            (UnchangedAnchor))
           [(AddApiAnn AnnDcolon { T15323.hs:6:17-18 })]
           (AnnComments
            []))
          [(L
            (SrcSpanAnn (ApiAnnNotUsed) { T15323.hs:6:5-14 })
            (Unqual
             {OccName: TestParens}))]
          (L
           (SrcSpanAnn (ApiAnnNotUsed) { T15323.hs:6:20-54 })
           (HsOuterExplicit
            (ApiAnn
             (Anchor
              { T15323.hs:6:20-25 }
              (UnchangedAnchor))
             ((,)
              (AddApiAnn AnnForall { T15323.hs:6:20-25 })
              (AddApiAnn AnnDot { T15323.hs:6:29 }))
             (AnnComments
              []))
            [(L
              (SrcSpanAnn (ApiAnnNotUsed) { T15323.hs:6:27 })
              (UserTyVar
               (ApiAnn
                (Anchor
                 { T15323.hs:6:27 }
                 (UnchangedAnchor))
                []
                (AnnComments
                 []))
               (SpecifiedSpec)
               (L
                (SrcSpanAnn (ApiAnnNotUsed) { T15323.hs:6:27 })
                (Unqual
                 {OccName: v}))))]))
          (Just
           (L
            (SrcSpanAnn (ApiAnn
                         (Anchor
                          { T15323.hs:6:31-36 }
                          (UnchangedAnchor))
                         (AnnContext
                          (Just
                           ((,)
                            (NormalSyntax)
                            { T15323.hs:6:38-39 }))
                          []
                          [])
                         (AnnComments
                          [])) { T15323.hs:6:31-36 })
            [(L
              (SrcSpanAnn (ApiAnnNotUsed) { T15323.hs:6:31-36 })
              (HsParTy
               (ApiAnn
                (Anchor
                 { T15323.hs:6:31 }
                 (UnchangedAnchor))
                (AnnParen
                 (AnnParens)
                 { T15323.hs:6:31 }
                 { T15323.hs:6:36 })
                (AnnComments
                 []))
               (L
                (SrcSpanAnn (ApiAnnNotUsed) { T15323.hs:6:32-35 })
                (HsAppTy
                 (NoExtField)
                 (L
                  (SrcSpanAnn (ApiAnnNotUsed) { T15323.hs:6:32-33 })
                  (HsTyVar
                   (ApiAnn
                    (Anchor
                     { T15323.hs:6:32-33 }
                     (UnchangedAnchor))
                    []
                    (AnnComments
                     []))
                   (NotPromoted)
                   (L
                    (SrcSpanAnn (ApiAnnNotUsed) { T15323.hs:6:32-33 })
                    (Unqual
                     {OccName: Eq}))))
                 (L
                  (SrcSpanAnn (ApiAnnNotUsed) { T15323.hs:6:35 })
                  (HsTyVar
                   (ApiAnn
                    (Anchor
                     { T15323.hs:6:35 }
                     (UnchangedAnchor))
                    []
                    (AnnComments
                     []))
                   (NotPromoted)
                   (L
                    (SrcSpanAnn (ApiAnnNotUsed) { T15323.hs:6:35 })
                    (Unqual
                     {OccName: v}))))))))]))
          (PrefixConGADT
           [])
          (L
           (SrcSpanAnn (ApiAnnNotUsed) { T15323.hs:6:41-54 })
           (HsAppTy
            (NoExtField)
            (L
             (SrcSpanAnn (ApiAnnNotUsed) { T15323.hs:6:41-52 })
             (HsTyVar
              (ApiAnn
               (Anchor
                { T15323.hs:6:41-52 }
                (UnchangedAnchor))
               []
               (AnnComments
                []))
              (NotPromoted)
              (L
               (SrcSpanAnn (ApiAnnNotUsed) { T15323.hs:6:41-52 })
               (Unqual
                {OccName: MaybeDefault}))))
            (L
             (SrcSpanAnn (ApiAnnNotUsed) { T15323.hs:6:54 })
             (HsTyVar
              (ApiAnn
               (Anchor
                { T15323.hs:6:54 }
                (UnchangedAnchor))
               []
               (AnnComments
                []))
              (NotPromoted)
              (L
               (SrcSpanAnn (ApiAnnNotUsed) { T15323.hs:6:54 })
               (Unqual
                {OccName: v}))))))
          (Nothing)))]
       []))))]
  (Nothing)
  (Nothing)))
