["15","Any","main","Main","staticcallstack002.hs:10:30-46"]
["15","Any","main","Main","staticcallstack002.hs:11:30-49"]
["15","Any","main","Main","staticcallstack002.hs:12:30-53"]
["15","Any","main","Main","staticcallstack002.hs:13:30-51"]
